# lvm.commands

常用的LVM部署命令
| 功能/命令 | 物理卷管理 | 卷组管理  | 逻辑卷管理 |
| --------- | ---------- | --------- | ---------- |
| 扫描      | pvscan     | vgscan    | lvscan     |
| 建立      | pvcreate   | vgcreate  | lvcreate   |
| 显示      | pvdisplay  | vgdisplay | lvdisplay  |
| 删除      | pvremove   | vgremove  | lvremove   |
| 扩展      |            | vgextend  | lvextend   |
| 缩小      |            | vgreduce  | lvreduce   |


```sh
[root@RHEL7CCIE ~]# lsblk
NAME          MAJ:MIN RM  SIZE RO TYPE  MOUNTPOINT
sda             8:0    0   32G  0 disk
├─sda1          8:1    0  500M  0 part  /boot
└─sda2          8:2    0 31.5G  0 part
  ├─rhel-root 253:0    0 29.5G  0 lvm   /
  └─rhel-swap 253:1    0    2G  0 lvm   [SWAP]
sdb             8:16   0   20G  0 disk
├─sdb1          8:17   0    5G  0 part  /media/new_drive
├─sdb2          8:18   0    1K  0 part
└─sdb5          8:21   0    3G  0 part  [SWAP]
sdc             8:32   0    8G  0 disk
└─md0           9:0    0   16G  0 raid5 /media/raid5
sdd             8:48   0    8G  0 disk
sde             8:64   0    8G  0 disk
└─md0           9:0    0   16G  0 raid5 /media/raid5
sdf             8:80   0    8G  0 disk
└─md0           9:0    0   16G  0 raid5 /media/raid5
sdg             8:96   0   64G  0 disk
sdh             8:112  0   64G  0 disk
sr0            11:0    1 1024M  0 rom
[root@RHEL7CCIE ~]#
```


## basic

### PV
```sh
[root@RHEL7CCIE ~]# pvscan
  PV /dev/sda2   VG rhel   lvm2 [31.51 GiB / 0    free]
  Total: 1 [31.51 GiB] / in use: 1 [31.51 GiB] / in no VG: 0 [0   ]
[root@RHEL7CCIE ~]# pvdisplay
  --- Physical volume ---
  PV Name               /dev/sda2
  VG Name               rhel
  PV Size               31.51 GiB / not usable 3.00 MiB
  Allocatable           yes (but full)
  PE Size               4.00 MiB
  Total PE              8066
  Free PE               0
  Allocated PE          8066
  PV UUID               h5dpdm-YMJR-HbLi-FKWB-UtIt-9o2n-efbvpF

[root@RHEL7CCIE ~]#
```













### VG
```sh
[root@RHEL7CCIE ~]# vgscan
  Reading all physical volumes.  This may take a while...
  Found volume group "rhel" using metadata type lvm2
[root@RHEL7CCIE ~]# vgdisplay
  --- Volume group ---
  VG Name               rhel
  System ID
  Format                lvm2
  Metadata Areas        1
  Metadata Sequence No  3
  VG Access             read/write
  VG Status             resizable
  MAX LV                0
  Cur LV                2
  Open LV               2
  Max PV                0
  Cur PV                1
  Act PV                1
  VG Size               31.51 GiB
  PE Size               4.00 MiB
  Total PE              8066
  Alloc PE / Size       8066 / 31.51 GiB
  Free  PE / Size       0 / 0
  VG UUID               CDQQmK-FN6T-gQbq-oolG-zctn-fL4g-HLfvuh

[root@RHEL7CCIE ~]#
```








### LV

```sh
[root@RHEL7CCIE ~]# lvscan
  ACTIVE            '/dev/rhel/swap' [2.03 GiB] inherit
  ACTIVE            '/dev/rhel/root' [29.48 GiB] inherit
[root@RHEL7CCIE ~]# lvdisplay
  --- Logical volume ---
  LV Path                /dev/rhel/swap
  LV Name                swap
  VG Name                rhel
  LV UUID                Lf0alw-92Qd-vmfc-8x6F-HmIM-zsgQ-YfhSsa
  LV Write Access        read/write
  LV Creation host, time localhost, 2020-07-07 16:12:30 +0800
  LV Status              available
  # open                 2
  LV Size                2.03 GiB
  Current LE             520
  Segments               1
  Allocation             inherit
  Read ahead sectors     auto
  - currently set to     256
  Block device           253:1

  --- Logical volume ---
  LV Path                /dev/rhel/root
  LV Name                root
  VG Name                rhel
  LV UUID                Kr5CVR-4Oc8-i9Fd-u5PU-yVev-uDhf-1aAm1E
  LV Write Access        read/write
  LV Creation host, time localhost, 2020-07-07 16:12:30 +0800
  LV Status              available
  # open                 1
  LV Size                29.48 GiB
  Current LE             7546
  Segments               1
  Allocation             inherit
  Read ahead sectors     auto
  - currently set to     256
  Block device           253:0

[root@RHEL7CCIE ~]#
```


## 

建立 PV .

```sh
[root@RHEL7CCIE ~]# pvcreate /dev/sdg
  Physical volume "/dev/sdg" successfully created
[root@RHEL7CCIE ~]# pvcreate /dev/sdh
  Physical volume "/dev/sdh" successfully created
[root@RHEL7CCIE ~]#
```



建立 VG
```sh
[root@RHEL7CCIE ~]# vgcreate miles /dev/sdg /dev/sdh
  Volume group "miles" successfully created
[root@RHEL7CCIE ~]#
```



建立 LV
* -n vo 指定名字
* -l 100 指定100个 PE
```sh
[root@RHEL7CCIE ~]# lvcreate -n vo -l 100 miles
  Logical volume "vo" created
[root@RHEL7CCIE ~]#
```

```sh
[root@RHEL7CCIE ~]# ls /dev/miles/vo
/dev/miles/vo
[root@RHEL7CCIE ~]# lsblk
NAME          MAJ:MIN RM  SIZE RO TYPE  MOUNTPOINT
sda             8:0    0   32G  0 disk
├─sda1          8:1    0  500M  0 part  /boot
└─sda2          8:2    0 31.5G  0 part
  ├─rhel-root 253:0    0 29.5G  0 lvm   /
  └─rhel-swap 253:1    0    2G  0 lvm   [SWAP]
sdb             8:16   0   20G  0 disk
├─sdb1          8:17   0    5G  0 part  /media/new_drive
├─sdb2          8:18   0    1K  0 part
└─sdb5          8:21   0    3G  0 part  [SWAP]
sdc             8:32   0    8G  0 disk
└─md0           9:0    0   16G  0 raid5 /media/raid5
sdd             8:48   0    8G  0 disk
sde             8:64   0    8G  0 disk
└─md0           9:0    0   16G  0 raid5 /media/raid5
sdf             8:80   0    8G  0 disk
└─md0           9:0    0   16G  0 raid5 /media/raid5
sdg             8:96   0   64G  0 disk
└─miles-vo    253:2    0  400M  0 lvm
sdh             8:112  0   64G  0 disk
sr0            11:0    1 1024M  0 rom
[root@RHEL7CCIE ~]#
```


```sh
[root@RHEL7CCIE ~]# mkfs.ext4 /dev/miles/vo
mke2fs 1.42.9 (28-Dec-2013)
Filesystem label=
OS type: Linux
Block size=1024 (log=0)
Fragment size=1024 (log=0)
Stride=0 blocks, Stripe width=0 blocks
102400 inodes, 409600 blocks
20480 blocks (5.00%) reserved for the super user
First data block=1
Maximum filesystem blocks=34078720
50 block groups
8192 blocks per group, 8192 fragments per group
2048 inodes per group
Superblock backups stored on blocks:
        8193, 24577, 40961, 57345, 73729, 204801, 221185, 401409

Allocating group tables: done
Writing inode tables: done
Creating journal (8192 blocks): done
Writing superblocks and filesystem accounting information: done

[root@RHEL7CCIE ~]#
```

```sh
[root@RHEL7CCIE ~]# mkdir  /media/lvm
[root@RHEL7CCIE ~]# mount /dev/miles/vo /media/lvm/
[root@RHEL7CCIE ~]# df -h
Filesystem             Size  Used Avail Use% Mounted on
/dev/mapper/rhel-root   30G  3.1G   27G  11% /
devtmpfs               912M     0  912M   0% /dev
tmpfs                  921M   80K  921M   1% /dev/shm
tmpfs                  921M  8.8M  912M   1% /run
tmpfs                  921M     0  921M   0% /sys/fs/cgroup
/dev/sdb1              5.0G   63M  5.0G   2% /media/new_drive
/dev/md0                16G   45M   15G   1% /media/raid5
/dev/sda1              497M  119M  379M  24% /boot
/dev/mapper/miles-vo   380M  2.3M  354M   1% /media/lvm
[root@RHEL7CCIE ~]# vim /etc/fstab
[root@RHEL7CCIE ~]#
[root@RHEL7CCIE ~]# cat /etc/fstab

#
# /etc/fstab
# Created by anaconda on Tue Jul  7 08:12:31 2020
#
# Accessible filesystems, by reference, are maintained under '/dev/disk'
# See man pages fstab(5), findfs(8), mount(8) and/or blkid(8) for more info
#
/dev/mapper/rhel-root   /                       xfs     defaults        1 1
UUID=c718c5c1-9c44-48c3-9fb6-8d57ab92899f /boot                   xfs     defaults,uquota        1 2
/dev/mapper/rhel-swap   swap                    swap    defaults        0 0
/dev/sdb1 /media/new_drive xfs defaults,uquota 0 0
/dev/sdb5 swap swap defaults 0 0
/dev/md0                /media/raid5            ext4    defaults 0 0
/dev/mapper/miles-vo    /media/lvm              ext4    defaults 0 0

[root@RHEL7CCIE ~]#
[root@RHEL7CCIE ~]# init 6
```

```sh
[root@RHEL7CCIE ~]# df -h
Filesystem             Size  Used Avail Use% Mounted on
/dev/mapper/rhel-root   30G  3.1G   27G  11% /
devtmpfs               912M     0  912M   0% /dev
tmpfs                  921M   80K  921M   1% /dev/shm
tmpfs                  921M  8.8M  912M   1% /run
tmpfs                  921M     0  921M   0% /sys/fs/cgroup
/dev/sdb1              5.0G   63M  5.0G   2% /media/new_drive
/dev/mapper/miles-vo   380M  2.3M  354M   1% /media/lvm
/dev/md0                16G   45M   15G   1% /media/raid5
/dev/sda1              497M  119M  379M  24% /boot
[root@RHEL7CCIE ~]#
```


### 扩容
```sh
[root@RHEL7CCIE ~]# umount /media/lvm/
[root@RHEL7CCIE ~]# lvextend -L 800M /dev/miles/vo
  Extending logical volume vo to 800.00 MiB
  Logical volume vo successfully resized
[root@RHEL7CCIE ~]# e2fsck -f /dev/miles/vo
e2fsck 1.42.9 (28-Dec-2013)
Pass 1: Checking inodes, blocks, and sizes
Pass 2: Checking directory structure
Pass 3: Checking directory connectivity
Pass 4: Checking reference counts
Pass 5: Checking group summary information
/dev/miles/vo: 11/102400 files (0.0% non-contiguous), 23456/409600 blocks
[root@RHEL7CCIE ~]#
```

```sh
[root@RHEL7CCIE ~]# resize2fs /dev/miles/vo
resize2fs 1.42.9 (28-Dec-2013)
Resizing the filesystem on /dev/miles/vo to 819200 (1k) blocks.
The filesystem on /dev/miles/vo is now 819200 blocks long.

[root@RHEL7CCIE ~]# mount -a
[root@RHEL7CCIE ~]# df -h
Filesystem             Size  Used Avail Use% Mounted on
/dev/mapper/rhel-root   30G  3.1G   27G  11% /
devtmpfs               912M     0  912M   0% /dev
tmpfs                  921M   80K  921M   1% /dev/shm
tmpfs                  921M  8.8M  912M   1% /run
tmpfs                  921M     0  921M   0% /sys/fs/cgroup
/dev/sdb1              5.0G   63M  5.0G   2% /media/new_drive
/dev/md0                16G   45M   15G   1% /media/raid5
/dev/sda1              497M  119M  379M  24% /boot
/dev/mapper/miles-vo   767M  2.5M  721M   1% /media/lvm
[root@RHEL7CCIE ~]#
```




### 缩小

```sh
[root@RHEL7CCIE ~]# cd /media/lvm/
[root@RHEL7CCIE lvm]# touch haha
[root@RHEL7CCIE lvm]# vim haha
[root@RHEL7CCIE lvm]#
[root@RHEL7CCIE lvm]# cat haha
hahahahahahahahaha
[root@RHEL7CCIE lvm]# cd ..
[root@RHEL7CCIE media]# umount /dev/miles/vo
[root@RHEL7CCIE media]#
```

```sh
[root@RHEL7CCIE media]# e2fsck /dev/miles/vo
e2fsck 1.42.9 (28-Dec-2013)
/dev/miles/vo: clean, 12/204800 files, 36619/819200 blocks
[root@RHEL7CCIE media]#
[root@RHEL7CCIE media]# resize2fs /dev/miles/vo 500M
resize2fs 1.42.9 (28-Dec-2013)
Please run 'e2fsck -f /dev/miles/vo' first.

[root@RHEL7CCIE media]# e2fsck -f /dev/miles/vo
e2fsck 1.42.9 (28-Dec-2013)
Pass 1: Checking inodes, blocks, and sizes
Pass 2: Checking directory structure
Pass 3: Checking directory connectivity
Pass 4: Checking reference counts
Pass 5: Checking group summary information
/dev/miles/vo: 12/204800 files (0.0% non-contiguous), 36619/819200 blocks
[root@RHEL7CCIE media]# resize2fs /dev/miles/vo 500M
resize2fs 1.42.9 (28-Dec-2013)
Resizing the filesystem on /dev/miles/vo to 512000 (1k) blocks.
The filesystem on /dev/miles/vo is now 512000 blocks long.

[root@RHEL7CCIE media]#
```

```sh
[root@RHEL7CCIE media]# lvreduce -L 500M /dev/miles/vo
  WARNING: Reducing active logical volume to 500.00 MiB
  THIS MAY DESTROY YOUR DATA (filesystem etc.)
Do you really want to reduce vo? [y/n]: y
  Reducing logical volume vo to 500.00 MiB
  Logical volume vo successfully resized
[root@RHEL7CCIE media]#
```

```sh
[root@RHEL7CCIE media]# mount -a
[root@RHEL7CCIE media]# df -h
Filesystem             Size  Used Avail Use% Mounted on
/dev/mapper/rhel-root   30G  3.1G   27G  11% /
devtmpfs               912M     0  912M   0% /dev
tmpfs                  921M   80K  921M   1% /dev/shm
tmpfs                  921M  8.8M  912M   1% /run
tmpfs                  921M     0  921M   0% /sys/fs/cgroup
/dev/sdb1              5.0G   63M  5.0G   2% /media/new_drive
/dev/md0                16G   45M   15G   1% /media/raid5
/dev/sda1              497M  119M  379M  24% /boot
/dev/mapper/miles-vo   477M  2.3M  445M   1% /media/lvm
[root@RHEL7CCIE media]#
```



### 快照
```sh
[root@RHEL7CCIE lvm]# ll
total 14
-rw-r--r--. 1 root root    19 Sep 28 11:26 haha
drwx------. 2 root root 12288 Sep 28 11:13 lost+found
[root@RHEL7CCIE lvm]# ls /etc/*.conf
/etc/asound.conf   /etc/ipsec.conf      /etc/nfsmount.conf     /etc/sos.conf
/etc/brltty.conf   /etc/kdump.conf      /etc/nsswitch.conf     /etc/sudo.conf
/etc/chrony.conf   /etc/krb5.conf       /etc/numad.conf        /etc/sudo-ldap.conf
/etc/colord.conf   /etc/ksmtuned.conf   /etc/oddjobd.conf      /etc/sysctl.conf
/etc/dnsmasq.conf  /etc/ld.so.conf      /etc/pbm2ppa.conf      /etc/updatedb.conf
/etc/dracut.conf   /etc/libaudit.conf   /etc/pnm2ppa.conf      /etc/usb_modeswitch.conf
/etc/e2fsck.conf   /etc/libuser.conf    /etc/radvd.conf        /etc/vconsole.conf
/etc/fprintd.conf  /etc/locale.conf     /etc/request-key.conf  /etc/wvdial.conf
/etc/fuse.conf     /etc/logrotate.conf  /etc/resolv.conf       /etc/yum.conf
/etc/hba.conf      /etc/man_db.conf     /etc/rsyncd.conf
/etc/host.conf     /etc/mke2fs.conf     /etc/rsyslog.conf
/etc/idmapd.conf   /etc/mtools.conf     /etc/sestatus.conf
[root@RHEL7CCIE lvm]# cp /etc/*.conf .
[root@RHEL7CCIE lvm]#
[root@RHEL7CCIE lvm]#
[root@RHEL7CCIE lvm]# cd ~
[root@RHEL7CCIE ~]# lvcreate -L 500M -s -n SNAP /dev/miles/vo
  Logical volume "SNAP" created
[root@RHEL7CCIE ~]#
```

```sh
[root@RHEL7CCIE ~]# ll /dev/miles/vo
lrwxrwxrwx. 1 root root 7 Sep 28 11:39 /dev/miles/vo -> ../dm-3
[root@RHEL7CCIE ~]#
```

```sh
[root@RHEL7CCIE ~]# lvdisplay
  --- Logical volume ---
  LV Path                /dev/rhel/swap
  LV Name                swap
  VG Name                rhel
  LV UUID                Lf0alw-92Qd-vmfc-8x6F-HmIM-zsgQ-YfhSsa
  LV Write Access        read/write
  LV Creation host, time localhost, 2020-07-07 16:12:30 +0800
  LV Status              available
  # open                 2
  LV Size                2.03 GiB
  Current LE             520
  Segments               1
  Allocation             inherit
  Read ahead sectors     auto
  - currently set to     256
  Block device           253:1

  --- Logical volume ---
  LV Path                /dev/rhel/root
  LV Name                root
  VG Name                rhel
  LV UUID                Kr5CVR-4Oc8-i9Fd-u5PU-yVev-uDhf-1aAm1E
  LV Write Access        read/write
  LV Creation host, time localhost, 2020-07-07 16:12:30 +0800
  LV Status              available
  # open                 1
  LV Size                29.48 GiB
  Current LE             7546
  Segments               1
  Allocation             inherit
  Read ahead sectors     auto
  - currently set to     256
  Block device           253:0

  --- Logical volume ---
  LV Path                /dev/miles/vo
  LV Name                vo
  VG Name                miles
  LV UUID                PPM3t5-rLel-nhxN-ljhg-nwBm-f5ZW-b8clfs
  LV Write Access        read/write
  LV Creation host, time RHEL7CCIE, 2020-09-28 11:10:51 +0800
  LV snapshot status     source of
                         SNAP [active]
  LV Status              available
  # open                 1
  LV Size                500.00 MiB
  Current LE             125
  Segments               1
  Allocation             inherit
  Read ahead sectors     auto
  - currently set to     8192
  Block device           253:3

  --- Logical volume ---
  LV Path                /dev/miles/SNAP
  LV Name                SNAP
  VG Name                miles
  LV UUID                yoK4Az-sMfC-igb3-EbUw-9sn1-e9aS-pDwjLC
  LV Write Access        read/write
  LV Creation host, time RHEL7CCIE, 2020-09-28 11:39:02 +0800
  LV snapshot status     active destination for vo
  LV Status              available
  # open                 0
  LV Size                500.00 MiB
  Current LE             125
  COW-table size         500.00 MiB
  COW-table LE           125
  Allocated to snapshot  0.00%
  Snapshot chunk size    4.00 KiB
  Segments               1
  Allocation             inherit
  Read ahead sectors     auto
  - currently set to     8192
  Block device           253:2

[root@RHEL7CCIE ~]#
```

```sh
[root@RHEL7CCIE ~]# cd -
/media/lvm
[root@RHEL7CCIE lvm]#
[root@RHEL7CCIE lvm]# ls
asound.conf   hba.conf       locale.conf     pbm2ppa.conf      sudo-ldap.conf
brltty.conf   host.conf      logrotate.conf  pnm2ppa.conf      sysctl.conf
chrony.conf   idmapd.conf    lost+found      radvd.conf        updatedb.conf
colord.conf   ipsec.conf     man_db.conf     request-key.conf  usb_modeswitch.conf
dnsmasq.conf  kdump.conf     mke2fs.conf     resolv.conf       vconsole.conf
dracut.conf   krb5.conf      mtools.conf     rsyncd.conf       wvdial.conf
e2fsck.conf   ksmtuned.conf  nfsmount.conf   rsyslog.conf      yum.conf
fprintd.conf  ld.so.conf     nsswitch.conf   sestatus.conf
fuse.conf     libaudit.conf  numad.conf      sos.conf
haha          libuser.conf   oddjobd.conf    sudo.conf
[root@RHEL7CCIE lvm]# rm -fr *
[root@RHEL7CCIE lvm]# ll
total 0
[root@RHEL7CCIE lvm]#
```


恢复
```sh
[root@RHEL7CCIE lvm]# cd ~
[root@RHEL7CCIE ~]# umount /dev/miles/vo
[root@RHEL7CCIE ~]#
[root@RHEL7CCIE ~]#
[root@RHEL7CCIE ~]# lvconvert --merge /dev/miles/SNAP
  Merging of volume SNAP started.
  vo: Merged: 100.0%
  vo: Merged: 100.0%
  Merge of snapshot into logical volume vo has finished.
  Logical volume "SNAP" successfully removed
[root@RHEL7CCIE ~]# ll /dev/miles/
total 0
lrwxrwxrwx. 1 root root 7 Sep 28 11:43 vo -> ../dm-3
[root@RHEL7CCIE ~]#
```
```sh
[root@RHEL7CCIE ~]# mount -a
[root@RHEL7CCIE ~]# ls /media/lvm/
asound.conf   hba.conf       locale.conf     pbm2ppa.conf      sudo-ldap.conf
brltty.conf   host.conf      logrotate.conf  pnm2ppa.conf      sysctl.conf
chrony.conf   idmapd.conf    lost+found      radvd.conf        updatedb.conf
colord.conf   ipsec.conf     man_db.conf     request-key.conf  usb_modeswitch.conf
dnsmasq.conf  kdump.conf     mke2fs.conf     resolv.conf       vconsole.conf
dracut.conf   krb5.conf      mtools.conf     rsyncd.conf       wvdial.conf
e2fsck.conf   ksmtuned.conf  nfsmount.conf   rsyslog.conf      yum.conf
fprintd.conf  ld.so.conf     nsswitch.conf   sestatus.conf
fuse.conf     libaudit.conf  numad.conf      sos.conf
haha          libuser.conf   oddjobd.conf    sudo.conf
[root@RHEL7CCIE ~]#
```


### 删除

```sh
[root@RHEL7CCIE ~]# umount /dev/miles/vo
[root@RHEL7CCIE ~]# vim /etc/fstab
[root@RHEL7CCIE ~]# cat /etc/fstab

#
# /etc/fstab
# Created by anaconda on Tue Jul  7 08:12:31 2020
#
# Accessible filesystems, by reference, are maintained under '/dev/disk'
# See man pages fstab(5), findfs(8), mount(8) and/or blkid(8) for more info
#
/dev/mapper/rhel-root   /                       xfs     defaults        1 1
UUID=c718c5c1-9c44-48c3-9fb6-8d57ab92899f /boot                   xfs     defaults,uquota        1 2
/dev/mapper/rhel-swap   swap                    swap    defaults        0 0
/dev/sdb1 /media/new_drive xfs defaults,uquota 0 0
/dev/sdb5 swap swap defaults 0 0
/dev/md0                /media/raid5            ext4    defaults 0 0
#/dev/mapper/miles-vo   /media/lvm              ext4    defaults 0 0

[root@RHEL7CCIE ~]#
```

#### 删除逻辑卷
```sh
[root@RHEL7CCIE ~]# lvremove /dev/miles/vo
Do you really want to remove active logical volume vo? [y/n]: y
  Logical volume "vo" successfully removed
[root@RHEL7CCIE ~]#
```
```sh
[root@RHEL7CCIE ~]# lvscan
  ACTIVE            '/dev/rhel/swap' [2.03 GiB] inherit
  ACTIVE            '/dev/rhel/root' [29.48 GiB] inherit
[root@RHEL7CCIE ~]# lvdisplay
  --- Logical volume ---
  LV Path                /dev/rhel/swap
  LV Name                swap
  VG Name                rhel
  LV UUID                Lf0alw-92Qd-vmfc-8x6F-HmIM-zsgQ-YfhSsa
  LV Write Access        read/write
  LV Creation host, time localhost, 2020-07-07 16:12:30 +0800
  LV Status              available
  # open                 2
  LV Size                2.03 GiB
  Current LE             520
  Segments               1
  Allocation             inherit
  Read ahead sectors     auto
  - currently set to     256
  Block device           253:1

  --- Logical volume ---
  LV Path                /dev/rhel/root
  LV Name                root
  VG Name                rhel
  LV UUID                Kr5CVR-4Oc8-i9Fd-u5PU-yVev-uDhf-1aAm1E
  LV Write Access        read/write
  LV Creation host, time localhost, 2020-07-07 16:12:30 +0800
  LV Status              available
  # open                 1
  LV Size                29.48 GiB
  Current LE             7546
  Segments               1
  Allocation             inherit
  Read ahead sectors     auto
  - currently set to     256
  Block device           253:0

[root@RHEL7CCIE ~]#
```

#### 删除 VG
```sh
[root@RHEL7CCIE ~]# vgremove miles
  Volume group "miles" successfully removed
[root@RHEL7CCIE ~]#
```

```sh
[root@RHEL7CCIE ~]# vgscan
  Reading all physical volumes.  This may take a while...
  Found volume group "rhel" using metadata type lvm2
[root@RHEL7CCIE ~]# vgdisplay
  --- Volume group ---
  VG Name               rhel
  System ID
  Format                lvm2
  Metadata Areas        1
  Metadata Sequence No  3
  VG Access             read/write
  VG Status             resizable
  MAX LV                0
  Cur LV                2
  Open LV               2
  Max PV                0
  Cur PV                1
  Act PV                1
  VG Size               31.51 GiB
  PE Size               4.00 MiB
  Total PE              8066
  Alloc PE / Size       8066 / 31.51 GiB
  Free  PE / Size       0 / 0
  VG UUID               CDQQmK-FN6T-gQbq-oolG-zctn-fL4g-HLfvuh

[root@RHEL7CCIE ~]#
```



#### 删除 PV
```sh
[root@RHEL7CCIE ~]# pvremove /dev/sdg
  Labels on physical volume "/dev/sdg" successfully wiped
[root@RHEL7CCIE ~]# pvremove /dev/sdh
  Labels on physical volume "/dev/sdh" successfully wiped
[root@RHEL7CCIE ~]#
```

```sh
[root@RHEL7CCIE ~]# pvscan
  PV /dev/sda2   VG rhel   lvm2 [31.51 GiB / 0    free]
  Total: 1 [31.51 GiB] / in use: 1 [31.51 GiB] / in no VG: 0 [0   ]
[root@RHEL7CCIE ~]# pvdisplay
  --- Physical volume ---
  PV Name               /dev/sda2
  VG Name               rhel
  PV Size               31.51 GiB / not usable 3.00 MiB
  Allocatable           yes (but full)
  PE Size               4.00 MiB
  Total PE              8066
  Free PE               0
  Allocated PE          8066
  PV UUID               h5dpdm-YMJR-HbLi-FKWB-UtIt-9o2n-efbvpF

[root@RHEL7CCIE ~]#
```

