# swap








## 实例 添加一个 swap 分区

```sh
[root@RHEL7CCIE ~]# free
             total       used       free     shared    buffers     cached
Mem:       1884916     574288    1310628       9616        884     199940
-/+ buffers/cache:     373464    1511452
Swap:      2129916          0    2129916
[root@RHEL7CCIE ~]#
```

在 sdb 中开辟一块空间作为 swap 分区
```sh
[root@RHEL7CCIE ~]# fdisk /dev/sdb
Welcome to fdisk (util-linux 2.23.2).

Changes will remain in memory only, until you decide to write them.
Be careful before using the write command.


Command (m for help): n
Partition type:
   p   primary (1 primary, 0 extended, 3 free)
   e   extended
Select (default p): e
Partition number (2-4, default 2): 2
First sector (10487808-41943039, default 10487808):
Using default value 10487808
Last sector, +sectors or +size{K,M,G} (10487808-41943039, default 41943039):
Using default value 41943039
Partition 2 of type Extended and of size 15 GiB is set

Command (m for help): n
Partition type:
   p   primary (1 primary, 1 extended, 2 free)
   l   logical (numbered from 5)
Select (default p): l
Adding logical partition 5
First sector (10489856-41943039, default 10489856):
Using default value 10489856
Last sector, +sectors or +size{K,M,G} (10489856-41943039, default 41943039): +3G
Partition 5 of type Linux and of size 3 GiB is set

Command (m for help): p

Disk /dev/sdb: 21.5 GB, 21474836480 bytes, 41943040 sectors
Units = sectors of 1 * 512 = 512 bytes
Sector size (logical/physical): 512 bytes / 512 bytes
I/O size (minimum/optimal): 512 bytes / 512 bytes
Disk label type: dos
Disk identifier: 0xf14c6d22

   Device Boot      Start         End      Blocks   Id  System
/dev/sdb1            2048    10487807     5242880   83  Linux
/dev/sdb2        10487808    41943039    15727616    5  Extended
/dev/sdb5        10489856    16781311     3145728   83  Linux

Command (m for help): w
The partition table has been altered!

Calling ioctl() to re-read partition table.

WARNING: Re-reading the partition table failed with error 16: Device or resource busy.
The kernel still uses the old table. The new table will be used at
the next reboot or after you run partprobe(8) or kpartx(8)
Syncing disks.
[root@RHEL7CCIE ~]# ll /dev/sd*
brw-rw----. 1 root disk 8,  0 Sep 23 14:54 /dev/sda
brw-rw----. 1 root disk 8,  1 Sep 23 14:54 /dev/sda1
brw-rw----. 1 root disk 8,  2 Sep 23 14:54 /dev/sda2
brw-rw----. 1 root disk 8, 16 Sep 23 15:08 /dev/sdb
brw-rw----. 1 root disk 8, 17 Sep 23 14:54 /dev/sdb1
[root@RHEL7CCIE ~]#
```

如上述命令所示，分区建立之后并没有立即生效。
使用 partprobe 探测新分区，并与系统内核同步。
```sh
[root@RHEL7CCIE ~]# partprobe
[root@RHEL7CCIE ~]# ll /dev/sd*
brw-rw----. 1 root disk 8,  0 Sep 23 15:09 /dev/sda
brw-rw----. 1 root disk 8,  1 Sep 23 14:54 /dev/sda1
brw-rw----. 1 root disk 8,  2 Sep 23 14:54 /dev/sda2
brw-rw----. 1 root disk 8, 16 Sep 23 15:09 /dev/sdb
brw-rw----. 1 root disk 8, 17 Sep 23 14:54 /dev/sdb1
brw-rw----. 1 root disk 8, 18 Sep 23 15:09 /dev/sdb2
brw-rw----. 1 root disk 8, 21 Sep 23 15:09 /dev/sdb5
[root@RHEL7CCIE ~]# lsblk
NAME          MAJ:MIN RM  SIZE RO TYPE MOUNTPOINT
sda             8:0    0   32G  0 disk
├─sda1          8:1    0  500M  0 part /boot
└─sda2          8:2    0 31.5G  0 part
  ├─rhel-root 253:0    0 29.5G  0 lvm  /
  └─rhel-swap 253:1    0    2G  0 lvm  [SWAP]
sdb             8:16   0   20G  0 disk
├─sdb1          8:17   0    5G  0 part /media/new_drive
├─sdb2          8:18   0    1K  0 part
└─sdb5          8:21   0    3G  0 part
sr0            11:0    1 1024M  0 rom
sr1            11:1    1 1024M  0 rom
[root@RHEL7CCIE ~]#
```


格式化新的 swap 分区。
```sh
[root@RHEL7CCIE ~]# mkswap /dev/sdb
sdb   sdb1  sdb2  sdb5
[root@RHEL7CCIE ~]# mkswap /dev/sdb5
Setting up swapspace version 1, size = 3145724 KiB
no label, UUID=1f703797-3759-45a2-89e1-e10887ffd2b0
[root@RHEL7CCIE ~]# swapo
swapoff  swapon
[root@RHEL7CCIE ~]# swapon /dev/sdb5
[root@RHEL7CCIE ~]# free -m
             total       used       free     shared    buffers     cached
Mem:          1840        565       1275          9          1        195
-/+ buffers/cache:        368       1472
Swap:         5151          0       5151
[root@RHEL7CCIE ~]#
```

设定开机自动挂载
```sh
[root@RHEL7CCIE ~]# vim /etc/fstab
[root@RHEL7CCIE ~]# cat /etc/fstab

#
# /etc/fstab
# Created by anaconda on Tue Jul  7 08:12:31 2020
#
# Accessible filesystems, by reference, are maintained under '/dev/disk'
# See man pages fstab(5), findfs(8), mount(8) and/or blkid(8) for more info
#
/dev/mapper/rhel-root   /                       xfs     defaults        1 1
UUID=c718c5c1-9c44-48c3-9fb6-8d57ab92899f /boot                   xfs     defaults        1 2
/dev/mapper/rhel-swap   swap                    swap    defaults        0 0
/dev/sdb1 /media/new_drive xfs defaults 0 0
/dev/sdb5 swap swap defaults 0 0

[root@RHEL7CCIE ~]# init 6
```

重启后查看添加新的 swap 之后的内存信息。
```sh
[root@RHEL7CCIE ~]# free -m
             total       used       free     shared    buffers     cached
Mem:          1840        541       1298          9          0        176
-/+ buffers/cache:        364       1476
Swap:         5151          0       5151
[root@RHEL7CCIE ~]#
```



